[performance] upd   1 | R     1.79 | thr 0.845 wait 2.838 wip 2.20 cost 2.33 sla 0.260 | srv 2.55 rate 0.91 rel 0.50 hd 0.54 | 1s
[performance] upd  10 | R    15.05 | thr 0.989 wait 2.280 wip 2.22 cost 2.70 sla 0.211 | srv 2.95 rate 0.91 rel 0.49 hd 0.57 | 11s
[performance] upd  20 | R    -2.97 | thr 0.792 wait 1.847 wip 2.78 cost 2.88 sla 0.155 | srv 3.09 rate 0.92 rel 0.46 hd 0.53 | 24s
[performance] upd  30 | R    49.02 | thr 1.050 wait 1.026 wip 1.74 cost 3.01 sla 0.087 | srv 3.19 rate 0.92 rel 0.39 hd 0.50 | 38s
[performance] upd  40 | R   -15.59 | thr 1.141 wait 4.258 wip 4.81 cost 3.10 sla 0.132 | srv 3.27 rate 0.93 rel 0.39 hd 0.53 | 52s
[performance] upd  50 | R    37.50 | thr 1.079 wait 1.528 wip 2.15 cost 3.08 sla 0.154 | srv 3.22 rate 0.93 rel 0.39 hd 0.63 | 65s
[performance] upd  60 | R    51.16 | thr 0.976 wait 0.858 wip 1.65 cost 3.21 sla 0.079 | srv 3.37 rate 0.93 rel 0.33 hd 0.55 | 80s
[performance] upd  70 | R    50.03 | thr 1.099 wait 1.081 wip 2.08 cost 3.42 sla 0.101 | srv 3.53 rate 0.95 rel 0.30 hd 0.49 | 95s
[performance] upd  80 | R    50.65 | thr 1.067 wait 1.004 wip 1.80 cost 3.42 sla 0.101 | srv 3.49 rate 0.96 rel 0.38 hd 0.57 | 108s
[performance] upd  90 | R    53.16 | thr 0.899 wait 0.477 wip 1.16 cost 3.39 sla 0.041 | srv 3.52 rate 0.95 rel 0.35 hd 0.68 | 121s
[performance] upd 100 | R    20.44 | thr 0.890 wait 2.149 wip 2.42 cost 3.38 sla 0.101 | srv 3.57 rate 0.92 rel 0.40 hd 0.69 | 135s
[performance] upd 110 | R    29.46 | thr 0.944 wait 1.273 wip 2.54 cost 3.41 sla 0.093 | srv 3.57 rate 0.94 rel 0.34 hd 0.63 | 147s
[performance] upd 120 | R    51.55 | thr 0.998 wait 0.830 wip 1.73 cost 3.41 sla 0.090 | srv 3.56 rate 0.94 rel 0.30 hd 0.70 | 159s
[performance] upd 130 | R   -37.91 | thr 1.160 wait 2.728 wip 6.36 cost 3.47 sla 0.135 | srv 3.46 rate 0.98 rel 0.30 hd 0.72 | 172s
[performance] upd 140 | R    24.68 | thr 1.089 wait 2.029 wip 3.20 cost 3.50 sla 0.109 | srv 3.42 rate 1.00 rel 0.35 hd 0.65 | 184s
[performance] upd 150 | R    21.85 | thr 1.129 wait 2.828 wip 3.43 cost 3.46 sla 0.097 | srv 3.38 rate 1.00 rel 0.31 hd 0.47 | 196s
[performance] upd 160 | R    50.10 | thr 0.840 wait 0.514 wip 1.11 cost 3.17 sla 0.042 | srv 3.14 rate 0.98 rel 0.34 hd 0.36 | 207s
[performance] upd 170 | R    54.99 | thr 1.011 wait 0.616 wip 1.50 cost 3.28 sla 0.058 | srv 3.22 rate 0.98 rel 0.33 hd 0.43 | 225s
[performance] upd 180 | R   -36.96 | thr 0.953 wait 4.132 wip 5.63 cost 3.43 sla 0.183 | srv 3.40 rate 0.98 rel 0.32 hd 0.52 | 243s
[performance] upd 190 | R    44.18 | thr 0.978 wait 0.964 wip 1.83 cost 3.30 sla 0.082 | srv 3.24 rate 0.98 rel 0.33 hd 0.47 | 261s
[performance] upd 200 | R    52.50 | thr 0.873 wait 0.464 wip 1.10 cost 3.02 sla 0.043 | srv 2.93 rate 0.97 rel 0.30 hd 0.46 | 276s
[performance] upd 210 | R   -32.03 | thr 1.017 wait 4.682 wip 5.42 cost 3.13 sla 0.170 | srv 2.93 rate 1.02 rel 0.33 hd 0.35 | 288s
[performance] upd 220 | R     9.59 | thr 1.019 wait 3.097 wip 3.55 cost 3.14 sla 0.136 | srv 2.97 rate 1.02 rel 0.32 hd 0.44 | 300s
[performance] upd 230 | R    61.80 | thr 1.063 wait 0.581 wip 1.37 cost 3.21 sla 0.048 | srv 2.92 rate 1.04 rel 0.28 hd 0.46 | 312s
[performance] upd 240 | R    50.10 | thr 1.079 wait 1.003 wip 1.90 cost 3.15 sla 0.099 | srv 2.90 rate 1.03 rel 0.30 hd 0.56 | 324s
[performance] upd 250 | R    42.54 | thr 1.234 wait 1.443 wip 2.60 cost 3.31 sla 0.088 | srv 2.99 rate 1.06 rel 0.30 hd 0.53 | 336s
[performance] upd 260 | R    56.70 | thr 1.072 wait 0.815 wip 1.43 cost 3.20 sla 0.062 | srv 2.96 rate 1.04 rel 0.36 hd 0.57 | 348s
[performance] upd 270 | R    32.47 | thr 0.866 wait 1.514 wip 1.94 cost 3.19 sla 0.112 | srv 2.98 rate 1.04 rel 0.36 hd 0.64 | 361s
[performance] upd 280 | R    69.74 | thr 1.127 wait 0.387 wip 1.18 cost 3.55 sla 0.023 | srv 3.20 rate 1.08 rel 0.29 hd 0.56 | 372s
[performance] upd 290 | R    -3.01 | thr 1.144 wait 1.933 wip 4.43 cost 3.55 sla 0.164 | srv 3.18 rate 1.08 rel 0.31 hd 0.72 | 384s
[performance] upd 300 | R    12.56 | thr 1.058 wait 3.097 wip 3.69 cost 3.36 sla 0.133 | srv 3.01 rate 1.08 rel 0.33 hd 0.72 | 395s
[performance] upd 310 | R    29.53 | thr 0.955 wait 1.635 wip 2.45 cost 3.29 sla 0.089 | srv 2.96 rate 1.08 rel 0.32 hd 0.70 | 407s
[performance] upd 320 | R    43.61 | thr 0.849 wait 0.687 wip 1.33 cost 3.22 sla 0.057 | srv 2.93 rate 1.06 rel 0.32 hd 0.65 | 418s
[performance] upd 330 | R    58.74 | thr 1.136 wait 0.809 wip 1.86 cost 3.52 sla 0.060 | srv 3.16 rate 1.08 rel 0.29 hd 0.58 | 431s
[performance] upd 340 | R    49.76 | thr 0.943 wait 0.745 wip 1.52 cost 3.57 sla 0.073 | srv 3.28 rate 1.05 rel 0.32 hd 0.59 | 444s
[performance] upd 350 | R    15.74 | thr 1.064 wait 2.655 wip 3.50 cost 3.88 sla 0.112 | srv 3.45 rate 1.10 rel 0.27 hd 0.57 | 456s
[performance] upd 360 | R     5.51 | thr 0.999 wait 2.912 wip 3.77 cost 3.68 sla 0.132 | srv 3.29 rate 1.10 rel 0.28 hd 0.64 | 467s
[performance] upd 370 | R    22.00 | thr 0.980 wait 2.242 wip 3.01 cost 3.83 sla 0.109 | srv 3.40 rate 1.11 rel 0.29 hd 0.56 | 479s
[performance] upd 380 | R   -15.68 | thr 1.174 wait 2.860 wip 5.35 cost 3.93 sla 0.101 | srv 3.37 rate 1.14 rel 0.25 hd 0.51 | 491s
[performance] upd 390 | R    22.71 | thr 1.029 wait 1.296 wip 3.00 cost 3.84 sla 0.117 | srv 3.35 rate 1.13 rel 0.22 hd 0.62 | 502s
[performance] upd 400 | R    40.52 | thr 0.977 wait 1.017 wip 2.06 cost 3.77 sla 0.067 | srv 3.36 rate 1.09 rel 0.27 hd 0.68 | 514s
