[tradeoff] upd   1 | R  -140.82 | thr 0.845 wait 2.838 wip 2.20 cost 2.33 sla 0.260 | srv 2.55 rate 0.91 rel 0.50 hd 0.54 | 1s
[tradeoff] upd  10 | R  -139.60 | thr 0.989 wait 2.740 wip 2.08 cost 2.45 sla 0.244 | srv 2.67 rate 0.90 rel 0.50 hd 0.56 | 11s
[tradeoff] upd  20 | R  -141.09 | thr 0.790 wait 1.941 wip 2.07 cost 2.40 sla 0.172 | srv 2.61 rate 0.90 rel 0.47 hd 0.59 | 24s
[tradeoff] upd  30 | R   -78.70 | thr 1.050 wait 1.461 wip 1.78 cost 2.33 sla 0.119 | srv 2.48 rate 0.91 rel 0.46 hd 0.53 | 38s
[tradeoff] upd  40 | R  -181.18 | thr 1.144 wait 4.808 wip 3.03 cost 2.24 sla 0.178 | srv 2.36 rate 0.91 rel 0.46 hd 0.55 | 52s
[tradeoff] upd  50 | R  -119.98 | thr 1.076 wait 2.501 wip 2.15 cost 2.22 sla 0.215 | srv 2.28 rate 0.92 rel 0.46 hd 0.63 | 66s
[tradeoff] upd  60 | R   -75.87 | thr 0.976 wait 1.469 wip 1.94 cost 2.14 sla 0.123 | srv 2.23 rate 0.90 rel 0.45 hd 0.53 | 81s
[tradeoff] upd  70 | R   -91.86 | thr 1.099 wait 1.654 wip 2.24 cost 2.28 sla 0.135 | srv 2.40 rate 0.89 rel 0.46 hd 0.46 | 95s
[tradeoff] upd  80 | R   -83.34 | thr 1.067 wait 1.398 wip 2.06 cost 2.34 sla 0.126 | srv 2.54 rate 0.87 rel 0.45 hd 0.57 | 108s
[tradeoff] upd  90 | R   -58.12 | thr 0.899 wait 0.938 wip 1.42 cost 2.15 sla 0.072 | srv 2.38 rate 0.85 rel 0.47 hd 0.65 | 122s
[tradeoff] upd 100 | R  -106.05 | thr 0.890 wait 2.535 wip 1.89 cost 2.15 sla 0.126 | srv 2.33 rate 0.86 rel 0.51 hd 0.59 | 135s
[tradeoff] upd 110 | R  -124.68 | thr 0.944 wait 1.768 wip 2.82 cost 2.16 sla 0.125 | srv 2.35 rate 0.87 rel 0.47 hd 0.56 | 148s
[tradeoff] upd 120 | R   -82.58 | thr 0.998 wait 1.439 wip 1.97 cost 2.19 sla 0.145 | srv 2.38 rate 0.86 rel 0.47 hd 0.65 | 160s
[tradeoff] upd 130 | R  -258.03 | thr 1.161 wait 3.242 wip 4.69 cost 2.42 sla 0.170 | srv 2.49 rate 0.91 rel 0.46 hd 0.63 | 173s
[tradeoff] upd 140 | R  -148.11 | thr 1.089 wait 2.335 wip 3.29 cost 2.35 sla 0.126 | srv 2.44 rate 0.89 rel 0.47 hd 0.60 | 185s
[tradeoff] upd 150 | R  -151.22 | thr 1.129 wait 3.267 wip 3.42 cost 2.20 sla 0.131 | srv 2.29 rate 0.87 rel 0.41 hd 0.60 | 197s
[tradeoff] upd 160 | R   -57.20 | thr 0.840 wait 1.111 wip 1.51 cost 1.90 sla 0.092 | srv 2.12 rate 0.83 rel 0.48 hd 0.57 | 209s
[tradeoff] upd 170 | R   -67.77 | thr 1.011 wait 1.056 wip 1.83 cost 2.16 sla 0.085 | srv 2.32 rate 0.86 rel 0.47 hd 0.59 | 228s
[tradeoff] upd 180 | R  -260.49 | thr 0.955 wait 4.129 wip 5.35 cost 2.17 sla 0.216 | srv 2.29 rate 0.87 rel 0.46 hd 0.64 | 246s
[tradeoff] upd 190 | R   -83.70 | thr 0.978 wait 1.305 wip 1.98 cost 2.17 sla 0.105 | srv 2.31 rate 0.87 rel 0.45 hd 0.63 | 264s
[tradeoff] upd 200 | R   -49.39 | thr 0.873 wait 1.008 wip 1.44 cost 1.88 sla 0.073 | srv 2.02 rate 0.85 rel 0.44 hd 0.62 | 278s
[tradeoff] upd 210 | R  -280.11 | thr 1.017 wait 5.215 wip 5.71 cost 2.16 sla 0.203 | srv 2.18 rate 0.90 rel 0.50 hd 0.61 | 290s
[tradeoff] upd 220 | R  -151.27 | thr 1.019 wait 3.373 wip 3.05 cost 2.14 sla 0.156 | srv 2.19 rate 0.90 rel 0.50 hd 0.60 | 302s
[tradeoff] upd 230 | R   -58.36 | thr 1.063 wait 1.315 wip 1.69 cost 2.03 sla 0.094 | srv 2.02 rate 0.91 rel 0.50 hd 0.60 | 314s
[tradeoff] upd 240 | R   -94.02 | thr 1.079 wait 1.840 wip 2.29 cost 2.06 sla 0.166 | srv 1.99 rate 0.96 rel 0.50 hd 0.57 | 326s
[tradeoff] upd 250 | R  -117.70 | thr 1.234 wait 2.009 wip 2.73 cost 2.34 sla 0.121 | srv 2.18 rate 1.00 rel 0.48 hd 0.66 | 338s
[tradeoff] upd 260 | R   -62.74 | thr 1.072 wait 1.330 wip 1.47 cost 2.23 sla 0.100 | srv 2.08 rate 0.99 rel 0.51 hd 0.67 | 350s
[tradeoff] upd 270 | R   -91.76 | thr 0.866 wait 2.062 wip 1.80 cost 2.06 sla 0.146 | srv 1.93 rate 1.00 rel 0.56 hd 0.72 | 363s
[tradeoff] upd 280 | R   -42.24 | thr 1.127 wait 0.896 wip 1.38 cost 2.21 sla 0.040 | srv 1.98 rate 1.06 rel 0.49 hd 0.77 | 374s
[tradeoff] upd 290 | R  -237.09 | thr 1.143 wait 2.533 wip 4.91 cost 2.38 sla 0.188 | srv 2.08 rate 1.10 rel 0.49 hd 0.84 | 386s
[tradeoff] upd 300 | R  -187.90 | thr 1.058 wait 3.691 wip 4.06 cost 2.23 sla 0.172 | srv 1.96 rate 1.08 rel 0.49 hd 0.87 | 398s
[tradeoff] upd 310 | R  -123.10 | thr 0.955 wait 2.121 wip 2.74 cost 2.09 sla 0.112 | srv 1.87 rate 1.05 rel 0.50 hd 0.82 | 410s
[tradeoff] upd 320 | R   -61.88 | thr 0.849 wait 1.081 wip 1.42 cost 1.94 sla 0.077 | srv 1.81 rate 1.01 rel 0.51 hd 0.71 | 421s
[tradeoff] upd 330 | R   -83.57 | thr 1.136 wait 1.486 wip 2.21 cost 2.26 sla 0.105 | srv 2.04 rate 1.04 rel 0.44 hd 0.72 | 434s
[tradeoff] upd 340 | R   -73.68 | thr 0.943 wait 1.374 wip 1.82 cost 2.03 sla 0.114 | srv 1.91 rate 0.99 rel 0.46 hd 0.72 | 447s
[tradeoff] upd 350 | R  -176.11 | thr 1.064 wait 3.422 wip 3.68 cost 2.18 sla 0.159 | srv 2.00 rate 1.02 rel 0.47 hd 0.65 | 459s
[tradeoff] upd 360 | R  -182.55 | thr 0.999 wait 3.576 wip 3.79 cost 2.02 sla 0.176 | srv 1.87 rate 0.99 rel 0.46 hd 0.66 | 471s
[tradeoff] upd 370 | R  -148.27 | thr 0.980 wait 3.111 wip 2.96 cost 2.14 sla 0.134 | srv 2.04 rate 0.99 rel 0.38 hd 0.60 | 483s
[tradeoff] upd 380 | R  -213.70 | thr 1.174 wait 3.888 wip 3.38 cost 2.28 sla 0.166 | srv 2.10 rate 1.02 rel 0.38 hd 0.49 | 494s
[tradeoff] upd 390 | R  -119.31 | thr 1.029 wait 2.013 wip 2.19 cost 2.16 sla 0.168 | srv 2.05 rate 0.98 rel 0.30 hd 0.54 | 506s
[tradeoff] upd 400 | R   -83.58 | thr 0.977 wait 1.376 wip 1.82 cost 2.21 sla 0.092 | srv 2.05 rate 1.01 rel 0.30 hd 0.53 | 517s
